Excerpt from the standalone player log, session 20260802T142853Z_7e839ab4.
Full log was 77.4 MB / 904155 lines and is not committed.
ArgumentOutOfRangeException occurrences in the full log: 129081

--- first 260 lines ---
Mono path[0] = 'D:/TMU_VR/XR-Interaction-Toolkit-Examples/Builds/Windows/VRMaintenanceResearch/VRMaintenanceResearch_Data/Managed'
Mono config path = 'D:/TMU_VR/XR-Interaction-Toolkit-Examples/Builds/Windows/VRMaintenanceResearch/MonoBleedingEdge/etc'
Starting managed debugger on port 56715
Using monoOptions --debugger-agent=transport=dt_socket,embedding=1,server=y,suspend=n,address=0.0.0.0:56715
Found 5 interfaces on host : 0) 192.168.254.1 1) 192.168.5.1 2) 172.27.48.1 3) 169.254.55.22 4) 10.127.104.17
Player connection [40112]  Target information:

Player connection [40112]  * "[IP] 192.168.254.1 [Port] 55000 [Flags] 2 [Guid] 2143775715 [EditorId] 3943569257 [Version] 1048832 [Id] WindowsPlayer(2,DESKTOP-2O7R0SI) [Debug] 1 [PackageName] WindowsPlayer [ProjectName] XRI Examples" 

Player connection [40112]  * "[IP] 192.168.5.1 [Port] 55000 [Flags] 2 [Guid] 2143775715 [EditorId] 3943569257 [Version] 1048832 [Id] WindowsPlayer(2,DESKTOP-2O7R0SI) [Debug] 1 [PackageName] WindowsPlayer [ProjectName] XRI Examples" 

Player connection [40112]  * "[IP] 172.27.48.1 [Port] 55000 [Flags] 2 [Guid] 2143775715 [EditorId] 3943569257 [Version] 1048832 [Id] WindowsPlayer(2,DESKTOP-2O7R0SI) [Debug] 1 [PackageName] WindowsPlayer [ProjectName] XRI Examples" 

Player connection [40112]  * "[IP] 169.254.55.22 [Port] 55000 [Flags] 2 [Guid] 2143775715 [EditorId] 3943569257 [Version] 1048832 [Id] WindowsPlayer(2,DESKTOP-2O7R0SI) [Debug] 1 [PackageName] WindowsPlayer [ProjectName] XRI Examples" 

Player connection [40112]  * "[IP] 10.127.104.17 [Port] 55000 [Flags] 2 [Guid] 2143775715 [EditorId] 3943569257 [Version] 1048832 [Id] WindowsPlayer(2,DESKTOP-2O7R0SI) [Debug] 1 [PackageName] WindowsPlayer [ProjectName] XRI Examples" 

Player connection [40112] Started UDP target info broadcast (1) on [225.0.0.222:54997].

Input System module state changed to: Initialized.
[Physics::Module] Initialized fallback backend.
[Physics::Module] Id: 0xdecafbad
Initialize engine version: 6000.3.20f1 (c9ba695d4f07)
[Subsystems] Discovering subsystems at path D:/TMU_VR/XR-Interaction-Toolkit-Examples/Builds/Windows/VRMaintenanceResearch/VRMaintenanceResearch_Data/UnitySubsystems
[Subsystems] No descriptors matched for  examples in UnitySubsystems/UnityOpenXR/UnitySubsystemsManifest.json.
[Subsystems] 1 'inputs' descriptors matched in UnitySubsystems/UnityOpenXR/UnitySubsystemsManifest.json
[Subsystems] 1 'displays' descriptors matched in UnitySubsystems/UnityOpenXR/UnitySubsystemsManifest.json
[Subsystems] No descriptors matched for  meshings in UnitySubsystems/UnityOpenXR/UnitySubsystemsManifest.json.
[D3D12 Device Filter] Vendor Name: NVIDIA
[D3D12 Device Filter] Device Name: NVIDIA GeForce RTX 4050 Laptop GPU
[D3D12 Device Filter] Driver Version: 32.0.16.1074
[D3D12 Device Filter] Feature Level: 12.2
[D3D12 Device Filter] Graphics Memory: 5920 MB
[D3D12 Device Filter] Processor Count: 16
[D3D12 Device Filter] Device Type: Discrete
GfxDevice: creating device client; kGfxThreadingModeSplitJobs
d3d12: failed to query info queue interface (0x80004002).
Direct3D:
    Version:         Direct3D 12 [level 12.2]
    Renderer:        NVIDIA GeForce RTX 4050 Laptop GPU (ID=0x28a1)
    Vendor:          NVIDIA
    VRAM:            5920 MB
    App VRAM Budget: 5152 MB
    Driver:          32.0.16.1074
Begin MonoManager ReloadAssembly
- Loaded All Assemblies, in  0.275 seconds
- Finished resetting the current domain, in  0.004 seconds
[Physics::Module] Selected backend.
[Physics::Module] Name: PhysX
[Physics::Module] Id: 0xf2b8ea05
[Physics::Module] SDK Version: 4.1.2
[Physics::Module] Integration Version: 1.0.0
[Physics::Module] Threading Mode: Multi-Threaded
XRGeneral Settings awakening...
UnityEngine.Debug:ExtractStackTraceNoAlloc (byte*,int,string)
UnityEngine.StackTraceUtility:ExtractStackTrace () (at C:/build/output/unity/unity/Runtime/Export/Scripting/StackTrace.cs:35)
UnityEngine.DebugLogHandler:Internal_Log (UnityEngine.LogType,UnityEngine.LogOption,string,UnityEngine.Object)
UnityEngine.DebugLogHandler:LogFormat (UnityEngine.LogType,UnityEngine.Object,string,object[]) (at C:/build/output/unity/unity/Runtime/Export/Logging/DebugLogHandler.cs:9)
UnityEngine.Logger:Log (UnityEngine.LogType,object) (at C:/build/output/unity/unity/Runtime/Export/Logging/Logger.cs:60)
UnityEngine.Debug:Log (object) (at C:/build/output/unity/unity/Runtime/Export/Debug/Debug.bindings.cs:123)
UnityEngine.XR.Management.XRGeneralSettings:Awake () (at ./Library/PackageCache/com.unity.xr.management@e3a3882b360a/Runtime/XRGeneralSettings.cs:88)

(Filename: C:/build/output/unity/unity/Runtime/Export/Debug/Debug.bindings.cs Line: 123)

[XR] [40112] [21:27:05.767][Info   ] Available Layers: (0)
[XR] [40112] [21:27:05.776][Error  ] xrGetSystem: XR_ERROR_FORM_FACTOR_UNAVAILABLE
[XR] [40112] [21:27:05.777][Info   ] 

==== Start Unity OpenXR Diagnostic Report ====


[XR] [40112] [21:27:05.777][Info   ] ==== Report Reason: Uncaught Exception ====


[XR] [40112] [21:27:05.777][Info   ] ==== OpenXR Runtime Info ====
[XR] [40112] [21:27:05.777][Info   ] 
[XR] [40112] [21:27:05.777][Info   ] Available Runtime Extensions: (35)
[XR] [40112] [21:27:05.777][Info   ]   XR_KHR_D3D11_enable: Version=11
[XR] [40112] [21:27:05.777][Info   ]   XR_KHR_D3D12_enable: Version=11
[XR] [40112] [21:27:05.777][Info   ]   XR_KHR_opengl_enable: Version=12
[XR] [40112] [21:27:05.777][Info   ]   XR_KHR_vulkan_enable: Version=10
[XR] [40112] [21:27:05.777][Info   ]   XR_KHR_vulkan_enable2: Version=4
[XR] [40112] [21:27:05.777][Info   ]   XR_KHR_composition_layer_depth: Version=6
[XR] [40112] [21:27:05.777][Info   ]   XR_KHR_win32_convert_performance_counter_time: Version=1
[XR] [40112] [21:27:05.777][Info   ]   XR_KHR_convert_timespec_time: Version=1
[XR] [40112] [21:27:05.777][Info   ]   XR_KHR_composition_layer_cube: Version=8
[XR] [40112] [21:27:05.777][Info   ]   XR_KHR_composition_layer_cylinder: Version=4
[XR] [40112] [21:27:05.777][Info   ]   XR_KHR_composition_layer_equirect: Version=3
[XR] [40112] [21:27:05.777][Info   ]   XR_KHR_visibility_mask: Version=2
[XR] [40112] [21:27:05.777][Info   ]   XR_KHR_composition_layer_color_scale_bias: Version=5
[XR] [40112] [21:27:05.777][Info   ]   XR_KHR_maintenance1: Version=1
[XR] [40112] [21:27:05.777][Info   ]   XR_EXT_win32_appcontainer_compatible: Version=1
[XR] [40112] [21:27:05.777][Info   ]   XR_EXT_debug_utils: Version=5
[XR] [40112] [21:27:05.777][Info   ]   XR_OCULUS_recenter_event: Version=1
[XR] [40112] [21:27:05.777][Info   ]   XR_OCULUS_audio_device_guid: Version=1
[XR] [40112] [21:27:05.777][Info   ]   XR_FB_color_space: Version=3
[XR] [40112] [21:27:05.777][Info   ]   XR_FB_display_refresh_rate: Version=1
[XR] [40112] [21:27:05.777][Info   ]   XR_META_performance_metrics: Version=2
[XR] [40112] [21:27:05.777][Info   ]   XR_META_headset_id: Version=2
[XR] [40112] [21:27:05.777][Info   ]   XR_OCULUS_ovrsession_handle: Version=1
[XR] [40112] [21:27:05.777][Info   ]   XR_EXT_local_floor: Version=1
[XR] [40112] [21:27:05.777][Info   ]   XR_EXT_active_action_set_priority: Version=1
[XR] [40112] [21:27:05.777][Info   ]   XR_EXT_future: Version=2
[XR] [40112] [21:27:05.777][Info   ]   XR_EXT_palm_pose: Version=3
[XR] [40112] [21:27:05.777][Info   ]   XR_FB_haptic_amplitude_envelope: Version=1
[XR] [40112] [21:27:05.777][Info   ]   XR_FB_haptic_pcm: Version=1
[XR] [40112] [21:27:05.777][Info   ]   XR_FB_touch_controller_pro: Version=1
[XR] [40112] [21:27:05.777][Info   ]   XR_META_touch_controller_plus: Version=1
[XR] [40112] [21:27:05.777][Info   ]   XR_FB_touch_controller_proximity: Version=1
[XR] [40112] [21:27:05.777][Info   ]   XR_OCULUS_external_camera: Version=1
[XR] [40112] [21:27:05.777][Info   ]   XR_META_detached_controllers: Version=1
[XR] [40112] [21:27:05.777][Info   ]   XR_LOGITECH_mx_ink_stylus_interaction: Version=1
[XR] [40112] [21:27:05.777][Info   ] 
[XR] [40112] [21:27:05.777][Info   ] Available Layers: (0)
[XR] [40112] [21:27:05.777][Info   ] 
[XR] [40112] [21:27:05.777][Info   ] Runtime Name: Oculus
[XR] [40112] [21:27:05.777][Info   ] Runtime Version: 1.205.0
[XR] [40112] [21:27:05.777][Info   ] 
[XR] [40112] [21:27:05.777][Info   ] ==== OpenXR API Spec Version ====
[XR] [40112] [21:27:05.777][Info   ] 
[XR] [40112] [21:27:05.777][Info   ] XrInstance Created with OpenXR API Version: 1.1.53
[XR] [40112] [21:27:05.777][Info   ] 
[XR] [40112] [21:27:05.777][Info   ] ==== OpenXR Exception Thrown ====
[XR] [40112] [21:27:05.777][Info   ] 
[XR] [40112] [21:27:05.777][Info   ] Error: XrResult failure [XR_ERROR_FORM_FACTOR_UNAVAILABLE]
[XR] [40112] [21:27:05.777][Info   ]     Origin: result
[XR] [40112] [21:27:05.777][Info   ]     Source: C:\build\output\unity\xr.sdk.openxr\NativePlugin\Source\unity_session.cpp:318
[XR] [40112] [21:27:05.777][Info   ] 
[XR] [40112] [21:27:05.777][Info   ] 
[XR] [40112] [21:27:05.777][Info   ] ==== Std Exception Thrown ====
[XR] [40112] [21:27:05.777][Info   ] 
[XR] [40112] [21:27:05.777][Info   ] Function: PreInit_Display_Setup::<lambda_4fbc124a0a834a46f47ad9f63094300a>::operator ()
[XR] [40112] [21:27:05.777][Info   ] Message: XrResult failure [XR_ERROR_FORM_FACTOR_UNAVAILABLE]
[XR] [40112] [21:27:05.777][Info   ]     Origin: result
[XR] [40112] [21:27:05.777][Info   ]     Source: C:\build\output\unity\xr.sdk.openxr\NativePlugin\Source\unity_session.cpp:318
[XR] [40112] [21:27:05.777][Info   ] 
[XR] [40112] [21:27:05.777][Info   ] ==== Last 20 non-XR_SUCCESS returns ====
[XR] [40112] [21:27:05.777][Info   ] [FAILURE] xrGetSystem: XR_ERROR_FORM_FACTOR_UNAVAILABLE (1x)
[XR] [40112] [21:27:05.777][Info   ] 
[XR] [40112] [21:27:05.777][Info   ] ==== Last 20 Events ====
[XR] [40112] [21:27:05.777][Info   ] 

==== End Unity OpenXR Diagnostic Report ====


[XR] Time interace not found - delta time prediction disabled.
[Subsystems] OpenXR XR Plugin successfully registered Provider for OpenXR Display
[Subsystems] OpenXR XR Plugin successfully registered Provider for OpenXR Input
[Subsystems] OpenXR XR Plugin successfully registered Provider for OpenXR Display
Loading OpenXR loader library at path: openxr_loader
UnityEngine.Debug:ExtractStackTraceNoAlloc (byte*,int,string)
UnityEngine.StackTraceUtility:ExtractStackTrace () (at C:/build/output/unity/unity/Runtime/Export/Scripting/StackTrace.cs:35)
UnityEngine.DebugLogHandler:Internal_Log (UnityEngine.LogType,UnityEngine.LogOption,string,UnityEngine.Object)
UnityEngine.DebugLogHandler:LogFormat (UnityEngine.LogType,UnityEngine.Object,string,object[]) (at C:/build/output/unity/unity/Runtime/Export/Logging/DebugLogHandler.cs:9)
UnityEngine.Logger:Log (UnityEngine.LogType,object) (at C:/build/output/unity/unity/Runtime/Export/Logging/Logger.cs:60)
UnityEngine.Debug:Log (object) (at C:/build/output/unity/unity/Runtime/Export/Debug/Debug.bindings.cs:123)
UnityEngine.XR.OpenXR.OpenXRLoaderBase:LoadOpenXRSymbols () (at ./Library/PackageCache/com.unity.xr.openxr@ef0033a586bf/Runtime/OpenXRLoader.cs:558)
UnityEngine.XR.OpenXR.OpenXRLoaderBase:InitializeInternal () (at ./Library/PackageCache/com.unity.xr.openxr@ef0033a586bf/Runtime/OpenXRLoader.cs:235)
UnityEngine.XR.OpenXR.OpenXRLoaderBase:Initialize () (at ./Library/PackageCache/com.unity.xr.openxr@ef0033a586bf/Runtime/OpenXRLoader.cs:205)
UnityEngine.XR.Management.XRManagerSettings:InitializeLoaderSync () (at ./Library/PackageCache/com.unity.xr.management@e3a3882b360a/Runtime/XRManagerSettings.cs:186)
UnityEngine.XR.Management.XRGeneralSettings:InitXRSDK () (at ./Library/PackageCache/com.unity.xr.management@e3a3882b360a/Runtime/XRGeneralSettings.cs:172)
UnityEngine.XR.Management.XRGeneralSettings:AttemptInitializeXRSDKOnLoad () (at ./Library/PackageCache/com.unity.xr.management@e3a3882b360a/Runtime/XRGeneralSettings.cs:145)

(Filename: C:/build/output/unity/unity/Runtime/Export/Debug/Debug.bindings.cs Line: 123)

[XR] XR_META_performance_metrics: Attempted to stop before session ready
[Subsystems] Loading plugin UnityOpenXR for subsystem OpenXR Display...
[XR] [40112] [21:27:06.032][Info   ] Available Layers: (0)
[XR] [40112] [21:27:06.040][Error  ] xrGetSystem: XR_ERROR_FORM_FACTOR_UNAVAILABLE
[XR] [40112] [21:27:06.040][Info   ] 

==== Start Unity OpenXR Diagnostic Report ====


[XR] [40112] [21:27:06.040][Info   ] ==== Report Reason: Uncaught Exception ====


[XR] [40112] [21:27:06.040][Info   ] ==== OpenXR Settings ====
[XR] [40112] [21:27:06.040][Info   ] 
[XR] [40112] [21:27:06.040][Info   ] Symmetric Projection: False
[XR] [40112] [21:27:06.040][Info   ] Stereo Rendering Mode: MultiPass
[XR] [40112] [21:27:06.040][Info   ] Latency Optimization: PrioritizeRendering
[XR] [40112] [21:27:06.040][Info   ] Color Submission Modes: kRenderTextureFormatGroup8888
[XR] [40112] [21:27:06.040][Info   ] Depth Submission Mode: None
[XR] [40112] [21:27:06.040][Info   ] Space Warp Motion Vector Texture Format: RGBA16f
[XR] [40112] [21:27:06.040][Info   ] Optimize Buffer Discards: False
[XR] [40112] [21:27:06.040][Info   ] Multiview Render Regions Optimization Mode: None
[XR] [40112] [21:27:06.040][Info   ] Use OpenXR Predicted Time: False
[XR] [40112] [21:27:06.040][Info   ] Foveated Rendering API: Legacy
[XR] [40112] [21:27:06.040][Info   ] 
[XR] [40112] [21:27:06.040][Info   ] ==== OpenXR Provider Info ====
[XR] [40112] [21:27:06.040][Info   ] 
[XR] [40112] [21:27:06.040][Info   ] Provider Version: 1.16.0-18-gc7a9defb
[XR] [40112] [21:27:06.040][Info   ] App: XRI Examples #3089906265
[XR] [40112] [21:27:06.040][Info   ] Engine: 6000.3.20f1 #87114753
[XR] [40112] [21:27:06.040][Info   ] 
[XR] [40112] [21:27:06.040][Info   ] ==== OpenXR Runtime Info ====
[XR] [40112] [21:27:06.040][Info   ] 
[XR] [40112] [21:27:06.040][Info   ] Available Runtime Extensions: (35)
[XR] [40112] [21:27:06.040][Info   ]   XR_KHR_D3D11_enable: Version=11
[XR] [40112] [21:27:06.040][Info   ]   XR_KHR_D3D12_enable: Version=11
[XR] [40112] [21:27:06.040][Info   ]   XR_KHR_opengl_enable: Version=12
[XR] [40112] [21:27:06.040][Info   ]   XR_KHR_vulkan_enable: Version=10
[XR] [40112] [21:27:06.040][Info   ]   XR_KHR_vulkan_enable2: Version=4
[XR] [40112] [21:27:06.040][Info   ]   XR_KHR_composition_layer_depth: Version=6
[XR] [40112] [21:27:06.040][Info   ]   XR_KHR_win32_convert_performance_counter_time: Version=1
[XR] [40112] [21:27:06.040][Info   ]   XR_KHR_convert_timespec_time: Version=1
[XR] [40112] [21:27:06.040][Info   ]   XR_KHR_composition_layer_cube: Version=8
[XR] [40112] [21:27:06.040][Info   ]   XR_KHR_composition_layer_cylinder: Version=4
[XR] [40112] [21:27:06.040][Info   ]   XR_KHR_composition_layer_equirect: Version=3
[XR] [40112] [21:27:06.041][Info   ]   XR_KHR_visibility_mask: Version=2
[XR] [40112] [21:27:06.041][Info   ]   XR_KHR_composition_layer_color_scale_bias: Version=5
[XR] [40112] [21:27:06.041][Info   ]   XR_KHR_maintenance1: Version=1
[XR] [40112] [21:27:06.041][Info   ]   XR_EXT_win32_appcontainer_compatible: Version=1
[XR] [40112] [21:27:06.041][Info   ]   XR_EXT_debug_utils: Version=5
[XR] [40112] [21:27:06.041][Info   ]   XR_OCULUS_recenter_event: Version=1
[XR] [40112] [21:27:06.041][Info   ]   XR_OCULUS_audio_device_guid: Version=1
[XR] [40112] [21:27:06.041][Info   ]   XR_FB_color_space: Version=3
[XR] [40112] [21:27:06.041][Info   ]   XR_FB_display_refresh_rate: Version=1
[XR] [40112] [21:27:06.041][Info   ]   XR_META_performance_metrics: Version=2
[XR] [40112] [21:27:06.041][Info   ]   XR_META_headset_id: Version=2
[XR] [40112] [21:27:06.041][Info   ]   XR_OCULUS_ovrsession_handle: Version=1
[XR] [40112] [21:27:06.041][Info   ]   XR_EXT_local_floor: Version=1
[XR] [40112] [21:27:06.041][Info   ]   XR_EXT_active_action_set_priority: Version=1
[XR] [40112] [21:27:06.041][Info   ]   XR_EXT_future: Version=2
[XR] [40112] [21:27:06.041][Info   ]   XR_EXT_palm_pose: Version=3
[XR] [40112] [21:27:06.041][Info   ]   XR_FB_haptic_amplitude_envelope: Version=1
[XR] [40112] [21:27:06.041][Info   ]   XR_FB_haptic_pcm: Version=1
[XR] [40112] [21:27:06.041][Info   ]   XR_FB_touch_controller_pro: Version=1
[XR] [40112] [21:27:06.041][Info   ]   XR_META_touch_controller_plus: Version=1
[XR] [40112] [21:27:06.041][Info   ]   XR_FB_touch_controller_proximity: Version=1
[XR] [40112] [21:27:06.041][Info   ]   XR_OCULUS_external_camera: Version=1
[XR] [40112] [21:27:06.041][Info   ]   XR_META_detached_controllers: Version=1
[XR] [40112] [21:27:06.041][Info   ]   XR_LOGITECH_mx_ink_stylus_interaction: Version=1
[XR] [40112] [21:27:06.041][Info   ] 
[XR] [40112] [21:27:06.041][Info   ] Available Layers: (0)
[XR] [40112] [21:27:06.041][Info   ] 
[XR] [40112] [21:27:06.041][Info   ] Runtime Name: Oculus
[XR] [40112] [21:27:06.041][Info   ] Runtime Version: 1.205.0
[XR] [40112] [21:27:06.041][Info   ] 
[XR] [40112] [21:27:06.041][Info   ] ==== OpenXR API Spec Version ====
[XR] [40112] [21:27:06.041][Info   ] 
[XR] [40112] [21:27:06.041][Info   ] XrInstance Created with OpenXR API Version: 1.1.53
[XR] [40112] [21:27:06.041][Info   ] 
[XR] [40112] [21:27:06.041][Info   ] ==== OpenXR Exception Thrown ====
[XR] [40112] [21:27:06.041][Info   ] 
[XR] [40112] [21:27:06.041][Info   ] Error: XrResult failure [XR_ERROR_FORM_FACTOR_UNAVAILABLE]
[XR] [40112] [21:27:06.041][Info   ]     Origin: result
[XR] [40112] [21:27:06.041][Info   ]     Source: C:\build\output\unity\xr.sdk.openxr\NativePlugin\Source\unity_session.cpp:318
[XR] [40112] [21:27:06.041][Info   ] 
[XR] [40112] [21:27:06.041][Info   ] 
[XR] [40112] [21:27:06.041][Info   ] ==== Std Exception Thrown ====
[XR] [40112] [21:27:06.041][Info   ] 
[XR] [40112] [21:27:06.041][Info   ] Function: Display_Initialize
[XR] [40112] [21:27:06.041][Info   ] Message: XrResult failure [XR_ERROR_FORM_FACTOR_UNAVAILABLE]
[XR] [40112] [21:27:06.041][Info   ]     Origin: result
[XR] [40112] [21:27:06.041][Info   ]     Source: C:\build\output\unity\xr.sdk.openxr\NativePlugin\Source\unity_session.cpp:318
[XR] [40112] [21:27:06.041][Info   ] 
[XR] [40112] [21:27:06.041][Info   ] ==== Last 20 non-XR_SUCCESS returns ====
[XR] [40112] [21:27:06.041][Info   ] [FAILURE] xrGetSystem: XR_ERROR_FORM_FACTOR_UNAVAILABLE (1x)
